_
__
___
____
_____
______
_______
________
_________
__________
___________
____________
_____________
______________
_______________
________________
_________________
__________________
___________________
____________________
_____________________
______________________
_______________________
________________________
_________________________
__________________________
___________________________
____________________________
_____________________________
______________________________
_______________________________
________________________________
_________________________________
__________________________________
___________________________________
____________________________________
_____________________________________
______________________________________
_______________________________________
________________________________________
_________________________________________
__________________________________________
___________________________________________
____________________________________________
_____________________________________________
______________________________________________
_______________________________________________
________________________________________________
_________________________________________________
__________________________________________________
___________________________________________________
____________________________________________________
_____________________________________________________
______________________________________________________
_______________________________________________________
________________________________________________________
_________________________________________________________
__________________________________________________________
___________________________________________________________
____________________________________________________________
_____________________________________________________________
______________________________________________________________
_______________________________________________________________
________________________________________________________________
_________________________________________________________________
__________________________________________________________________
___________________________________________________________________
____________________________________________________________________
_____________________________________________________________________
______________________________________________________________________
_______________________________________________________________________
________________________________________________________________________
_________________________________________________________________________
__________________________________________________________________________
___________________________________________________________________________
____________________________________________________________________________
_____________________________________________________________________________
______________________________________________________________________________
_______________________________________________________________________________
________________________________________________________________________________
_________________________________________________________________________________
__________________________________________________________________________________
___________________________________________________________________________________
____________________________________________________________________________________
_____________________________________________________________________________________
______________________________________________________________________________________
_______________________________________________________________________________________
________________________________________________________________________________________
_________________________________________________________________________________________
__________________________________________________________________________________________
___________________________________________________________________________________________
____________________________________________________________________________________________
_____________________________________________________________________________________________
______________________________________________________________________________________________
_______________________________________________________________________________________________
________________________________________________________________________________________________
_________________________________________________________________________________________________
__________________________________________________________________________________________________
___________________________________________________________________________________________________
____________________________________________________________________________________________________
